[2026-05-25T22:26:37Z] target=astropy__astropy-15082 image=jiayuanz3/swecontextbench:astropy.astropy-15082
astropy.astropy-15082: Pulling from jiayuanz3/swecontextbench
Digest: sha256:f5fc6543da91a27f641c75c6003a5525e59b5ba69974254f61509a290b5ff289
Status: Downloaded newer image for jiayuanz3/swecontextbench:astropy.astropy-15082
docker.io/jiayuanz3/swecontextbench:astropy.astropy-15082
#0 building with "default" instance using docker driver

#1 [internal] load build definition from openhands_image.Dockerfile
#1 transferring dockerfile: 2.23kB done
#1 WARN: InvalidDefaultArgInFrom: Default value for ARG ${BASE_IMAGE} results in empty or invalid base image name (line 2)
#1 DONE 0.0s

#2 [internal] load metadata for docker.io/jiayuanz3/swecontextbench:astropy.astropy-15082
#2 DONE 0.0s

#3 [internal] load .dockerignore
#3 transferring context: 2B done
#3 DONE 0.0s

#4 [1/6] FROM docker.io/jiayuanz3/swecontextbench:astropy.astropy-15082@sha256:f5fc6543da91a27f641c75c6003a5525e59b5ba69974254f61509a290b5ff289
#4 resolve docker.io/jiayuanz3/swecontextbench:astropy.astropy-15082@sha256:f5fc6543da91a27f641c75c6003a5525e59b5ba69974254f61509a290b5ff289 0.0s done
#4 DONE 0.0s

#5 [4/6] RUN /opt/openhands-venv/bin/python -c "from pathlib import Path; p=Path('/opt/openhands-venv/lib/python3.12/site-packages/openhands_cli/stores/agent_store.py'); s=p.read_text(); s=s.replace('usage_id="agent",\n        )', 'usage_id="agent",\n            reasoning_effort="none",\n        )'); s=s.replace('usage_id="condenser",\n        )', 'usage_id="condenser",\n            reasoning_effort="none",\n        )'); p.write_text(s); assert 'reasoning_effort="none"' in s, 'reasoning_effort patch did not match — agent_store.py layout changed'"
#5 CACHED

#6 [5/6] RUN printf '%s\n'   '#!/bin/sh'   'if [ -n "${CONTEXTBENCH_WORKSPACE_ROOT:-}" ]; then'   '  git config --global --add safe.directory "$CONTEXTBENCH_WORKSPACE_ROOT" >/dev/null 2>&1 || true'   'fi'   'exec /opt/openhands-venv/bin/openhands "$@"'   > /usr/local/bin/openhands && chmod +x /usr/local/bin/openhands
#6 CACHED

#7 [2/6] RUN python3 -m pip install --upgrade uv  && python3 -m uv python install 3.12  && python3 -m uv venv --seed --python 3.12 /opt/openhands-venv  && /opt/openhands-venv/bin/python -m pip install --upgrade pip setuptools wheel  && /opt/openhands-venv/bin/python -m pip install "openhands==1.13.1"  && chmod -R a+rX /opt/openhands-venv /opt/uv-python
#7 CACHED

#8 [3/6] RUN /opt/openhands-venv/bin/python -c "from pathlib import Path; p=Path('/opt/openhands-venv/lib/python3.12/site-packages/openhands_cli/stores/agent_store.py'); s=p.read_text(); s=s.replace('load_user_skills=True,','load_user_skills=False,').replace('load_public_skills=True,','load_public_skills=False,'); p.write_text(s)"
#8 CACHED

#9 [6/6] RUN command -v openhands && openhands --version
#9 CACHED

#10 exporting to image
#10 exporting layers done
#10 exporting manifest sha256:f8a4c6cff31fd9a69cf34b6146a5822c04645d418150f985746a294f3bc1c54a done
#10 exporting config sha256:689d05d1d282dcad384f6c7a46b9edab09209f1835d88933ed951b148d15ac5f done
#10 exporting attestation manifest sha256:e785feab51e9c91d9e673fd5c2ccf6d53b74a7478694d3c9a13ab8365d550183 0.0s done
#10 exporting manifest list sha256:93b74adc904cc633940e1df856ecffe51f67d31b50f7fe971917f2dcfe836c49 done
#10 naming to docker.io/jiayuanz3/swecontextbench:astropy.astropy-15082 done
#10 unpacking to docker.io/jiayuanz3/swecontextbench:astropy.astropy-15082 done
#10 DONE 0.1s

 [33m1 warning found (use docker --debug to expand):
[0m - InvalidDefaultArgInFrom: Default value for ARG ${BASE_IMAGE} results in empty or invalid base image name (line 2)
[plan] wrote /home/shashwatsuthar/research/openhands-adp-memory/data/contextbench_phase2/execution_smoke/plans/smoke_run_plan.json
[plan] selected 4 runs
  - astropy__astropy-15082__no_memory image=jiayuanz3/swecontextbench:astropy.astropy-15082 prompt=/home/shashwatsuthar/research/openhands-adp-memory/data/contextbench_phase2/prompts/astropy__astropy-15082/no_memory/prompt.txt
  - astropy__astropy-15082__raw image=jiayuanz3/swecontextbench:astropy.astropy-15082 prompt=/home/shashwatsuthar/research/openhands-adp-memory/data/contextbench_phase2/prompts/astropy__astropy-15082/raw/prompt.txt
  - astropy__astropy-15082__adp image=jiayuanz3/swecontextbench:astropy.astropy-15082 prompt=/home/shashwatsuthar/research/openhands-adp-memory/data/contextbench_phase2/prompts/astropy__astropy-15082/adp/prompt.txt
  - astropy__astropy-15082__memory image=jiayuanz3/swecontextbench:astropy.astropy-15082 prompt=/home/shashwatsuthar/research/openhands-adp-memory/data/contextbench_phase2/prompts/astropy__astropy-15082/memory/prompt.txt

=== [1/4] astropy__astropy-15082__no_memory ===
[skip] astropy__astropy-15082__no_memory already has successful run_meta.json and prediction.json

=== [2/4] astropy__astropy-15082__raw ===
[seed] jiayuanz3/swecontextbench:astropy.astropy-15082:/testbed -> /home/shashwatsuthar/research/openhands-adp-memory/data/contextbench_phase2/execution_smoke/runs/astropy__astropy-15082/raw/workspace
[run] astropy__astropy-15082__raw runtime=image cwd=/home/shashwatsuthar/research/openhands-adp-memory/data/contextbench_phase2/execution_smoke/runs/astropy__astropy-15082/raw
[done] astropy__astropy-15082__raw status=success patch_chars=3908

=== [3/4] astropy__astropy-15082__adp ===
[seed] jiayuanz3/swecontextbench:astropy.astropy-15082:/testbed -> /home/shashwatsuthar/research/openhands-adp-memory/data/contextbench_phase2/execution_smoke/runs/astropy__astropy-15082/adp/workspace
[run] astropy__astropy-15082__adp runtime=image cwd=/home/shashwatsuthar/research/openhands-adp-memory/data/contextbench_phase2/execution_smoke/runs/astropy__astropy-15082/adp
[done] astropy__astropy-15082__adp status=success_empty_patch patch_chars=0

=== [4/4] astropy__astropy-15082__memory ===
[seed] jiayuanz3/swecontextbench:astropy.astropy-15082:/testbed -> /home/shashwatsuthar/research/openhands-adp-memory/data/contextbench_phase2/execution_smoke/runs/astropy__astropy-15082/memory/workspace
[run] astropy__astropy-15082__memory runtime=image cwd=/home/shashwatsuthar/research/openhands-adp-memory/data/contextbench_phase2/execution_smoke/runs/astropy__astropy-15082/memory
